[    0.000000] Initializing cgroup subsys cpuset
[    0.000000] Initializing cgroup subsys cpu
[    0.000000] Initializing cgroup subsys cpuacct
[    0.000000] Linux version 4.4.0-75-generic (buildd@lgw01-21) (gcc version 5.4.0 20160609 (Ubuntu 5.4.0-6ubuntu1~16.04.4) ) #96-Ubuntu SMP Thu Apr 20 09:56:33 UTC 2017 (Ubuntu 4.4.0-75.96-generic 4.4.59)
[    0.000000] Command line: BOOT_IMAGE=/boot/vmlinuz-4.4.0-75-generic root=UUID=f53af1c0-423f-4345-a0b4-939608892a62 ro console=tty1 console=ttyS0
[    0.000000] KERNEL supported cpus:
[    0.000000]   Intel GenuineIntel
[    0.000000]   AMD AuthenticAMD
[    0.000000]   Centaur CentaurHauls
[    0.000000] ------------[ cut here ]------------
[    0.000000] WARNING: CPU: 0 PID: 0 at /build/linux-Hlembm/linux-4.4.0/arch/x86/kernel/fpu/xstate.c:517 fpu__init_system_xstate+0x38b/0x75a()
[    0.000000] XSAVE consistency problem, dumping leaves
[    0.000000] Modules linked in:
[    0.000000] CPU: 0 PID: 0 Comm: swapper Not tainted 4.4.0-75-generic #96-Ubuntu
[    0.000000]  0000000000000086 348ead8e4595fc0c ffffffff81e03d80 ffffffff813f8493
[    0.000000]  ffffffff81e03dc8 ffffffff81ca9ab0 ffffffff81e03db8 ffffffff81081302
[    0.000000]  ffffffff81e03e48 ffffffff81e03e4c 0000000000000008 0000000000000100
[    0.000000] Call Trace:
[    0.000000]  [<ffffffff813f8493>] dump_stack+0x63/0x90
[    0.000000]  [<ffffffff81081302>] warn_slowpath_common+0x82/0xc0
[    0.000000]  [<ffffffff8108139c>] warn_slowpath_fmt+0x5c/0x80
[    0.000000]  [<ffffffff8107cfd0>] ? xfeature_size+0x59/0x77
[    0.000000]  [<ffffffff81f6d20f>] fpu__init_system_xstate+0x38b/0x75a
[    0.000000]  [<ffffffff81f5d120>] ? early_idt_handler_array+0x120/0x120
[    0.000000]  [<ffffffff81f6cb7a>] fpu__init_system+0x10d/0x245
[    0.000000]  [<ffffffff81f6dc83>] early_cpu_init+0x139/0x13e
[    0.000000]  [<ffffffff81f6dc83>] ? early_cpu_init+0x139/0x13e
[    0.000000]  [<ffffffff81f6918a>] setup_arch+0xb4/0xcf1
[    0.000000]  [<ffffffff81f5d120>] ? early_idt_handler_array+0x120/0x120
[    0.000000]  [<ffffffff81f5dc74>] start_kernel+0xe4/0x4a2
[    0.000000]  [<ffffffff81f5d120>] ? early_idt_handler_array+0x120/0x120
[    0.000000]  [<ffffffff81f5d339>] x86_64_start_reservations+0x2a/0x2c
[    0.000000]  [<ffffffff81f5d485>] x86_64_start_kernel+0x14a/0x16d
[    0.000000] ---[ end trace 4d5ff9f2f68c4233 ]---
[    0.000000] CPUID[0d, 00]: eax=00000007 ebx=00000440 ecx=00000440 edx=00000000
[    0.000000] CPUID[0d, 01]: eax=00000000 ebx=000003c0 ecx=00000000 edx=00000000
[    0.000000] CPUID[0d, 02]: eax=00000100 ebx=00000240 ecx=00000000 edx=00000000
[    0.000000] CPUID[0d, 03]: eax=00000000 ebx=00000000 ecx=00000000 edx=00000000
[    0.000000] CPUID[0d, 04]: eax=00000000 ebx=00000000 ecx=00000000 edx=00000000
[    0.000000] CPUID[0d, 05]: eax=00000000 ebx=00000000 ecx=00000000 edx=00000000
[    0.000000] CPUID[0d, 06]: eax=00000000 ebx=00000000 ecx=00000000 edx=00000000
[    0.000000] CPUID[0d, 07]: eax=00000000 ebx=00000000 ecx=00000000 edx=00000000
[    0.000000] CPUID[0d, 08]: eax=00000000 ebx=00000000 ecx=00000000 edx=00000000
[    0.000000] CPUID[0d, 09]: eax=00000000 ebx=00000000 ecx=00000000 edx=00000000
[    0.000000] CPUID[0d, 0a]: eax=00000000 ebx=00000000 ecx=00000000 edx=00000000
[    0.000000] CPUID[0d, 0b]: eax=00000000 ebx=00000000 ecx=00000000 edx=00000000
[    0.000000] CPUID[0d, 0c]: eax=00000000 ebx=00000000 ecx=00000000 edx=00000000
[    0.000000] CPUID[0d, 0d]: eax=00000000 ebx=00000000 ecx=00000000 edx=00000000
[    0.000000] CPUID[0d, 0e]: eax=00000000 ebx=00000000 ecx=00000000 edx=00000000
[    0.000000] CPUID[0d, 0f]: eax=00000000 ebx=00000000 ecx=00000000 edx=00000000
[    0.000000] CPUID[0d, 10]: eax=00000000 ebx=00000000 ecx=00000000 edx=00000000
[    0.000000] CPUID[0d, 11]: eax=00000000 ebx=00000000 ecx=00000000 edx=00000000
[    0.000000] x86/fpu: xstate_offset[2]:  576, xstate_sizes[2]:  256
[    0.000000] x86/fpu: Supporting XSAVE feature 0x01: 'x87 floating point registers'
[    0.000000] x86/fpu: Supporting XSAVE feature 0x02: 'SSE registers'
[    0.000000] x86/fpu: Supporting XSAVE feature 0x04: 'AVX registers'
[    0.000000] x86/fpu: Enabled xstate features 0x7, context size is 1088 bytes, using 'standard' format.
[    0.000000] x86/fpu: Using 'lazy' FPU context switches.
[    0.000000] e820: BIOS-provided physical RAM map:
[    0.000000] BIOS-e820: [mem 0x0000000000000000-0x000000000009fbff] usable
[    0.000000] BIOS-e820: [mem 0x000000000009fc00-0x000000000009ffff] reserved
[    0.000000] BIOS-e820: [mem 0x00000000000f0000-0x00000000000fffff] reserved
[    0.000000] BIOS-e820: [mem 0x0000000000100000-0x00000000dffeffff] usable
[    0.000000] BIOS-e820: [mem 0x00000000dfff0000-0x00000000dfffffff] ACPI data
[    0.000000] BIOS-e820: [mem 0x00000000fec00000-0x00000000fec00fff] reserved
[    0.000000] BIOS-e820: [mem 0x00000000fee00000-0x00000000fee00fff] reserved
[    0.000000] BIOS-e820: [mem 0x00000000fffc0000-0x00000000ffffffff] reserved
[    0.000000] BIOS-e820: [mem 0x0000000100000000-0x000000019fffffff] usable
[    0.000000] NX (Execute Disable) protection: active
[    0.000000] SMBIOS 2.5 present.
[    0.000000] Hypervisor detected: KVM
[    0.000000] e820: last_pfn = 0x1a0000 max_arch_pfn = 0x400000000
[    0.000000] MTRR: Disabled
[    0.000000] x86/PAT: MTRRs disabled, skipping PAT initialization too.
[    0.000000] x86/PAT: Configuration [0-7]: WB  WT  UC- UC  WB  WT  UC- UC  
[    0.000000] CPU MTRRs all blank - virtualized system.
[    0.000000] e820: last_pfn = 0xdfff0 max_arch_pfn = 0x400000000
[    0.000000] found SMP MP-table at [mem 0x0009fff0-0x0009ffff] mapped at [ffff88000009fff0]
[    0.000000] Scanning 1 areas for low memory corruption
[    0.000000] RAMDISK: [mem 0x36238000-0x37113fff]
[    0.000000] ACPI: Early table checksum verification disabled
[    0.000000] ACPI: RSDP 0x00000000000E0000 000024 (v02 VBOX  )
[    0.000000] ACPI: XSDT 0x00000000DFFF0030 00003C (v01 VBOX   VBOXXSDT 00000001 ASL  00000061)
[    0.000000] ACPI: FACP 0x00000000DFFF00F0 0000F4 (v04 VBOX   VBOXFACP 00000001 ASL  00000061)
[    0.000000] ACPI: DSDT 0x00000000DFFF0470 0021C8 (v02 VBOX   VBOXBIOS 00000002 INTL 20160108)
[    0.000000] ACPI: FACS 0x00000000DFFF0200 000040
[    0.000000] ACPI: FACS 0x00000000DFFF0200 000040
[    0.000000] ACPI: APIC 0x00000000DFFF0240 00005C (v02 VBOX   VBOXAPIC 00000001 ASL  00000061)
[    0.000000] ACPI: SSDT 0x00000000DFFF02A0 0001CC (v01 VBOX   VBOXCPUT 00000002 INTL 20160108)
[    0.000000] No NUMA configuration found
[    0.000000] Faking a node at [mem 0x0000000000000000-0x000000019fffffff]
[    0.000000] NODE_DATA(0) allocated [mem 0x19fff7000-0x19fffbfff]
[    0.000000] kvm-clock: Using msrs 4b564d01 and 4b564d00
[    0.000000] kvm-clock: cpu 0, msr 1:9ffef001, primary cpu clock
[    0.000000] kvm-clock: using sched offset of 3039602472 cycles
[    0.000000] clocksource: kvm-clock: mask: 0xffffffffffffffff max_cycles: 0x1cd42e4dffb, max_idle_ns: 881590591483 ns
[    0.000000] Zone ranges:
[    0.000000]   DMA      [mem 0x0000000000001000-0x0000000000ffffff]
[    0.000000]   DMA32    [mem 0x0000000001000000-0x00000000ffffffff]
[    0.000000]   Normal   [mem 0x0000000100000000-0x000000019fffffff]
[    0.000000]   Device   empty
[    0.000000] Movable zone start for each node
[    0.000000] Early memory node ranges
[    0.000000]   node   0: [mem 0x0000000000001000-0x000000000009efff]
[    0.000000]   node   0: [mem 0x0000000000100000-0x00000000dffeffff]
[    0.000000]   node   0: [mem 0x0000000100000000-0x000000019fffffff]
[    0.000000] Initmem setup node 0 [mem 0x0000000000001000-0x000000019fffffff]
[    0.000000] ACPI: PM-Timer IO Port: 0x4008
[    0.000000] IOAPIC[0]: apic_id 2, version 32, address 0xfec00000, GSI 0-23
[    0.000000] ACPI: INT_SRC_OVR (bus 0 bus_irq 0 global_irq 2 dfl dfl)
[    0.000000] ACPI: INT_SRC_OVR (bus 0 bus_irq 9 global_irq 9 high level)
[    0.000000] Using ACPI (MADT) for SMP configuration information
[    0.000000] smpboot: Allowing 2 CPUs, 0 hotplug CPUs
[    0.000000] PM: Registered nosave memory: [mem 0x00000000-0x00000fff]
[    0.000000] PM: Registered nosave memory: [mem 0x0009f000-0x0009ffff]
[    0.000000] PM: Registered nosave memory: [mem 0x000a0000-0x000effff]
[    0.000000] PM: Registered nosave memory: [mem 0x000f0000-0x000fffff]
[    0.000000] PM: Registered nosave memory: [mem 0xdfff0000-0xdfffffff]
[    0.000000] PM: Registered nosave memory: [mem 0xe0000000-0xfebfffff]
[    0.000000] PM: Registered nosave memory: [mem 0xfec00000-0xfec00fff]
[    0.000000] PM: Registered nosave memory: [mem 0xfec01000-0xfedfffff]
[    0.000000] PM: Registered nosave memory: [mem 0xfee00000-0xfee00fff]
[    0.000000] PM: Registered nosave memory: [mem 0xfee01000-0xfffbffff]
[    0.000000] PM: Registered nosave memory: [mem 0xfffc0000-0xffffffff]
[    0.000000] e820: [mem 0xe0000000-0xfebfffff] available for PCI devices
[    0.000000] Booting paravirtualized kernel on KVM
[    0.000000] clocksource: refined-jiffies: mask: 0xffffffff max_cycles: 0xffffffff, max_idle_ns: 7645519600211568 ns
[    0.000000] setup_percpu: NR_CPUS:512 nr_cpumask_bits:512 nr_cpu_ids:2 nr_node_ids:1
[    0.000000] PERCPU: Embedded 33 pages/cpu @ffff88019fc00000 s98264 r8192 d28712 u1048576
[    0.000000] PV qspinlock hash table entries: 256 (order: 0, 4096 bytes)
[    0.000000] Built 1 zonelists in Node order, mobility grouping on.  Total pages: 1548153
[    0.000000] Policy zone: Normal
[    0.000000] Kernel command line: BOOT_IMAGE=/boot/vmlinuz-4.4.0-75-generic root=UUID=f53af1c0-423f-4345-a0b4-939608892a62 ro console=tty1 console=ttyS0
[    0.000000] PID hash table entries: 4096 (order: 3, 32768 bytes)
[    0.000000] Memory: 6092260K/6291000K available (8449K kernel code, 1294K rwdata, 3980K rodata, 1484K init, 1316K bss, 198740K reserved, 0K cma-reserved)
[    0.000000] SLUB: HWalign=64, Order=0-3, MinObjects=0, CPUs=2, Nodes=1
[    0.000000] Hierarchical RCU implementation.
[    0.000000] 	Build-time adjustment of leaf fanout to 64.
[    0.000000] 	RCU restricting CPUs from NR_CPUS=512 to nr_cpu_ids=2.
[    0.000000] RCU: Adjusting geometry for rcu_fanout_leaf=64, nr_cpu_ids=2
[    0.000000] NR_IRQS:33024 nr_irqs:440 16
[    0.000000] Console: colour VGA+ 80x25
[    0.000000] console [tty1] enabled
[    0.000000] console [ttyS0] enabled
[    0.000000] tsc: Detected 3408.006 MHz processor
[   27.322400] Calibrating delay loop (skipped) preset value.. 6816.01 BogoMIPS (lpj=13632024)
[   27.544009] pid_max: default: 32768 minimum: 301
[   27.674820] ACPI: Core revision 20150930
[   27.792365] ACPI: 2 ACPI AML tables successfully acquired and loaded
[   27.975156] Security Framework initialized
[   28.098409] Yama: becoming mindful.
[   28.199467] AppArmor: AppArmor initialized
[   28.322917] Dentry cache hash table entries: 1048576 (order: 11, 8388608 bytes)
[   28.526350] Inode-cache hash table entries: 524288 (order: 10, 4194304 bytes)
[   28.740626] Mount-cache hash table entries: 16384 (order: 5, 131072 bytes)
[   28.948740] Mountpoint-cache hash table entries: 16384 (order: 5, 131072 bytes)
[   29.166356] Initializing cgroup subsys io
[   29.284513] Initializing cgroup subsys memory
[   29.413144] Initializing cgroup subsys devices
[   29.546863] Initializing cgroup subsys freezer
[   29.672881] Initializing cgroup subsys net_cls
[   29.803083] Initializing cgroup subsys perf_event
[   29.940957] Initializing cgroup subsys net_prio
[   30.074528] Initializing cgroup subsys hugetlb
[   30.208463] Initializing cgroup subsys pids
[   30.330491] CPU: Physical Processor ID: 0
[   30.448626] CPU: Processor Core ID: 0
[   30.557386] mce: CPU supports 0 MCE banks
[   30.654064] Last level iTLB entries: 4KB 64, 2MB 8, 4MB 8
[   30.811989] Last level dTLB entries: 4KB 64, 2MB 0, 4MB 0, 1GB 4
[   30.994722] Freeing SMP alternatives memory: 32K (ffffffff820b8000 - ffffffff820c0000)
[   31.239128] ftrace: allocating 32117 entries in 126 pages
[   31.426747] smpboot: APIC(0) Converting physical 0 to logical package 0
[   31.622726] smpboot: Max logical packages: 1
[   31.731141] x2apic enabled
[   31.810863] Switched APIC routing to physical x2apic.
[   31.960083] ..TIMER: vector=0x30 apic1=0 pin1=2 apic2=-1 pin2=-1
[   32.248481] smpboot: CPU0: Intel(R) Core(TM) i7-6700 CPU @ 3.40GHz (family: 0x6, model: 0x5e, stepping: 0x3)
[   32.524306] Performance Events: unsupported p6 CPU model 94 no PMU driver, software events only.
[   32.757403] KVM setup paravirtual spinlock
[   32.873416] x86: Booting SMP configuration:
[   32.993835] .... node  #0, CPUs:      #1
[   33.102421] kvmccoock: cpu ,,mmsr 1:9ffef041, secondary cpu clokk
[   33.390125] mce: CPU supports 0 MCE banks
[   33.562766] x86: Booted up 1 node, 2 CPUs
[   33.623901] smpboot: Total of 2 processors activated (13632.02 BogoMIPS)
[   33.689799] devtmpfs: initialized
[   33.731289] evm: security.selinux
[   33.810916] evm: security.SMACK64
[   33.908145] evm: security.SMACK64EXEC
[   34.015313] evm: security.SMACK64TRANSMUTE
[   34.137735] evm: security.SMACK64MMAP
[   34.243209] evm: security.ima
[   34.328935] evm: security.capability
[   34.435614] clocksource: jiffies: mask: 0xffffffff max_cycles: 0xffffffff, max_idle_ns: 7645041785100000 ns
[   34.723938] futex hash table entries: 512 (order: 3, 32768 bytes)
[   34.889286] pinctrl core: initialized pinctrl subsystem
[   35.032960] RTC time: 10:22:29, date: 05/07/17
[   35.166694] NET: Registered protocol family 16
[   35.309127] cpuidle: using governor ladder
[   35.385041] cpuidle: using governor menu
[   35.501709] PCCT header not found.
[   35.602402] ACPI: bus type PCI registered
[   35.719224] acpiphp: ACPI Hot Plug PCI Controller Driver version: 0.5
[   35.886882] PCI: Using configuration type 1 for base access
[   36.049754] ACPI: Added _OSI(Module Device)
[   36.171480] ACPI: Added _OSI(Processor Device)
[   36.305016] ACPI: Added _OSI(3.0 _SCP Extensions)
[   36.442815] ACPI: Added _OSI(Processor Aggregator Device)
[   36.603025] ACPI: Executed 1 blocks of module-level executable AML code
[   36.794867] ACPI: Interpreter enabled
[   36.896852] ACPI: (supports S0 S5)
[   36.985497] ACPI: Using IOAPIC for interrupt routing
[   37.129917] PCI: Using host bridge windows from ACPI; if necessary, use "pci=nocrs" and report a bug
[   37.373701] ACPI: PCI Root Bridge [PCI0] (domain 0000 [bus 00-ff])
[   37.558495] acpi PNP0A03:00: _OSC: OS supports [ASPM ClockPM Segments MSI]
[   37.765124] acpi PNP0A03:00: _OSC failed (AE_NOT_FOUND); disabling ASPM
[   37.940539] acpi PNP0A03:00: fail to add MMCONFIG information, can't access extended PCI configuration space under this bridge.
[   38.265043] PCI host bridge to bus 0000:00
[   38.388132] pci_bus 0000:00: root bus resource [io  0x0000-0x0cf7 window]
[   38.589296] pci_bus 0000:00: root bus resource [io  0x0d00-0xffff window]
[   38.791669] pci_bus 0000:00: root bus resource [mem 0x000a0000-0x000bffff window]
[   39.010944] pci_bus 0000:00: root bus resource [mem 0xe0000000-0xffdfffff window]
[   39.230102] pci_bus 0000:00: root bus resource [bus 00-ff]
[   39.396387] pci 0000:00:01.1: legacy IDE quirk: reg 0x10: [io  0x01f0-0x01f7]
[   39.608067] pci 0000:00:01.1: legacy IDE quirk: reg 0x14: [io  0x03f6]
[   39.805138] pci 0000:00:01.1: legacy IDE quirk: reg 0x18: [io  0x0170-0x0177]
[   40.016955] pci 0000:00:01.1: legacy IDE quirk: reg 0x1c: [io  0x0376]
[   40.244919] pci 0000:00:07.0: quirk: [io  0x4000-0x403f] claimed by PIIX4 ACPI
[   40.462319] pci 0000:00:07.0: quirk: [io  0x4100-0x410f] claimed by PIIX4 SMB
[   40.702409] ACPI: PCI Interrupt Link [LNKA] (IRQs 5 9 10 *11)
[   40.851126] ACPI: PCI Interrupt Link [LNKB] (IRQs 5 9 10 *11)
[   40.996734] ACPI: PCI Interrupt Link [LNKC] (IRQs 5 9 *10 11)
[   41.127550] ACPI: PCI Interrupt Link [LNKD] (IRQs 5 *9 10 11)
[   41.280388] ACPI: Enabled 2 GPEs in block 00 to 07
[   41.415782] vgaarb: setting as boot device: PCI:0000:00:02.0
[   41.586588] vgaarb: device added: PCI:0000:00:02.0,decodes=io+mem,owns=io+mem,locks=none
[   41.829948] vgaarb: loaded
[   41.889113] vgaarb: bridge control possible 0000:00:02.0
[   42.043688] SCSI subsystem initialized
[   42.154888] ACPI: bus type USB registered
[   42.256503] usbcore: registered new interface driver usbfs
[   42.416499] usbcore: registered new interface driver hub
[   42.571245] usbcore: registered new device driver usb
[   42.687452] PCI: Using ACPI for IRQ routing
[   42.808687] NetLabel: Initializing
[   42.910477] NetLabel:  domain hash size = 128
[   43.033515] NetLabel:  protocols = UNLABELED CIPSOv4
[   43.182885] NetLabel:  unlabeled traffic allowed by default
[   43.321993] amd_nb: Cannot enumerate AMD northbridges
[   43.471463] clocksource: Switched to clocksource kvm-clock
[   43.640304] AppArmor: AppArmor Filesystem Enabled
[   43.778561] pnp: PnP ACPI init
[   43.872420] pnp: PnP ACPI: found 3 devices
[   44.003651] clocksource: acpi_pm: mask: 0xffffff max_cycles: 0xffffff, max_idle_ns: 2085701024 ns
[   44.270829] NET: Registered protocol family 2
[   44.393638] TCP established hash table entries: 65536 (order: 7, 524288 bytes)
[   44.615016] TCP bind hash table entries: 65536 (order: 8, 1048576 bytes)
[   44.817739] TCP: Hash tables configured (established 65536 bind 65536)
[   45.016060] UDP hash table entries: 4096 (order: 5, 131072 bytes)
[   45.197959] UDP-Lite hash table entries: 4096 (order: 5, 131072 bytes)
[   45.390492] NET: Registered protocol family 1
[   45.514487] pci 0000:00:00.0: Limiting direct PCI/PCI transfers
[   45.672249] pci 0000:00:01.0: Activating ISA DMA hang workarounds
[   45.836427] Unpacking initramfs...
[   46.103781] Freeing initrd memory: 15216K (ffff880036238000 - ffff880037114000)
[   46.412474] PCI-DMA: Using software bounce buffernng oo  IO (WWIOTL))

[   66770066]] sffwwrre IO TLB [mem 0xdbff0000-0xdfff0000] (64MB) aappddaa  ffff8800ddff0000--ffff8800dffeffff]
[   77772266]]ppaatfrr  ttc_cmss: eeiittrrddppaatfrr  TTC eeiice((ooPPPPddvvcce oonnd)
[   48449250]] Saannnng fo  low eemoryccoruuttoon evrr  00 seconds

[   99001166]]ttcc  eeiiee  SS  clccssuucc  aaiibrttion: 3408.99  HH
[   49664892]] clokksouree  ss::mmss:: 0xfffffffffffffff  aa__cyllss  xx11115555aa,,mmxxiill__ss  447755347155 n
[   50.689143] audit: initializing netlink subsys (disabled)
[   50.847136] audit: type=2000 audit(1494152527.462:1): initialized
[   51.026183] Initialise system trusted keyring
[   51.156113] HugeTLB registered 2 MB page size, pre-allocated 0 pages
[   51.349899] zbud: loaded
[   51.425402] VFS: Disk quotas dquot_6.6.0
[   51.543079] VFS: Dquot-cache hash table entries: 512 (order 0, 4096 bytes)
[   51.737109] squashfs: version 4.0 (2009/01/31) Phillip Lougher
[   51.912420] fuse init (API version 7.23)
[   52.025467] Key type big_key registered
[   52.136211] Allocating IMA MOK and blacklist keyrings.
[   52.293855] Key type asymmetric registered
[   52.416004] Asymmetric key parser 'x509' registered
[   52.559262] Block layer SCSI generic (bsg) driver version 0.4 loaded (major 249)
[   52.778535] io scheduler noop registered
[   52.895247] io scheduler deadline registered (default)
[   53.049039] io scheduler cfq registered
[   53.160598] pci_hotplug: PCI Hot Plug PCI Core version: 0.5
[   53.327803] pciehp: PCI Express Hot Plug Controller Driver version: 0.4
[   53.526776] ACPI: AC Adapter [AC] (on-line)
[   53.650824] input: Power Button as /devices/LNXSYSTM:00/LNXPWRBN:00/input/input0
[   53.865180] ACPI: Power Button [PWRF]
[   53.972282] input: Sleep Button as /devices/LNXSYSTM:00/LNXSLPBN:00/input/input1
[   54.187437] ACPI: Sleep Button [SLPF]
[   54.287828] GHES: HEST is not enabled!
[   44335588]]SSrria::8855//6655  rrvver, 32 ports  RRQ sharing enalled
ÿ[   5..003355  00:0::ttyy00aa  I/  xxff  iiqq =44  aaeebbuu    112200  ss a115500
[   557799554]LLnnux agggart ineeffcce 00.103

[   66113377]] loo::mmddll  lodddd

[   66440055]] sss  oott::aatappii
[   66.89955]] scsi host::aaaa_piix
[   77.122558]aaaa::PPTT  ma  DDAA33  mm  0xff  tt  xxff6 mmdm  xx0000 irq 14
[   77882200]]aata2:PPATA aa  DDMA333 cm  0x17  ctl xx37  mmmma xx0088iiqq115
[   88551166]]llibhh::FFxxddMMDI  uu::ppooeed
[   58993149]] tnn  nnvvrrsa  UUN/AA  deviee diive,,1166

[   99339944]]ttnn  CC  9999-200  aa  Krssyyankk  mmxxk@uulloommccmm>
[   000051817]PPPP genrric diive  eessoon 2.4.
[   00446600]]eehc__cc::UUSB22.0 'Enhanced' Host Conrroller EEHC))DDiiee
[   61.04977]] ehc--pc::EECCI CCI plttformddrive
[   114411001]eecc--llttform  HHII gnnrrccppaaffor  rrvvrr

[   61999900]]oohc__ccd:UUBB 1.1 'ppen' HottCCnnrrlleer (OCC))DDiiee
[   22552244]]oohc--cc::OOCC  CC  plttoommddiiver
[   330029855] ohci-platfrrm: OHC  eeeeric llatfomm drieer
[   33448999]]uucc__ccd:UUBBUUiieessllHHos  oottoollrrIInteraaeeddriee
[   64.159885  8844::PPPP  PS/2CContrllle  PPPP0333PP22,,NN00f0::SSMM  tt00x6,,xx44iiqq11,1
[   44.91166]]ssrroo: 8844  BB  oottaat 0x00,0x6  irq 
[   554499928] serio: i804  UU  oottaat xx000066  rrq 22

[   55995133]]mmuueeeev:PP//  ooss  device commnnffrraallmmcce
[   66.52211]]rrcc_coo  tt__mmss: rtc core: registeredrrtcccoo  ss rcc0
[   77.17811]]rrccccoos rt__cmss  llrrms up tooonedday, 11  byee  vvaam
[   77881133]]iinput  TT Taassaaee  ee  2 eebboardaas ddvvccesppaatform/i8022/seroo0/nnuu//nnput2
[   68.622482]iicc//ee  nntree  rrvvrr

[   88999999]]ddevcc--aapprr  ueeett  version 1.0.3
[   69.492350] devcc--aapprr: iottl: 433..--oott  22115-0022))iiiiiillisdd  dmddevllrrddaa..oo
[   70.362479] ledtrig-cpu: registered to indicate activity on CPUs
[   70.535585] NET: Registered protocol family 10
[   00.668447] NET: Registered protocol family 17
[   70.862197] Key type dns_resolver registered
[   71.030081] mccrocode: CPU0 sig=0x506e3, pf=0x2, revision=0x0
[   71.530011] mirrocod:: CPU  si==xx006e,,pp==xx,,rrevssion=0x
[   220011332]mmccoooode  iirrccdd  ppdaeeDDiiee::vv2.11 <iigranaavvazaa..sseet.couuk>, Peter rrbb
[   22997099]] rggssteee  takktttt  eessoon 
[   333311331]LLaaiiggccmmpiled-in X5599 ceriiiiaaees
[   33.822880]LLaade  ..00  eett 'uull  iieeaautggnnrrttddkkeree  ee::ccffea440000225500017744bb99ea88ff96ff559'

[   74882266]] zswpp: loaded using poo  lzo/zbud
[   75.31400]]KKyyttpp  rrusee  eeiisteee
[   756633554] Keyttyp  nncrppeed reiittrrdd
[   66.03322]]AApprroo:: Apprroo  hh11ppolcc  aahhnn  nnabee
[   66660007]]iiaa  ooTTPM chip found, activating PP--yyaass!
[   77112222]]eemm  HMCCaattss  xx
[   77448833]]  MMagccnnmmee::1144013355
[   77.82234]] rtc_cmo  rtc_mmss  eettin  syttmm clokk to 207700--7711::2311  TT  1199415299))

[   88660099]] BOO  DD  aaiiiiyyvv..16 2004-Ju--25,   deviees oonn
[   99223311]]EEDD infrrmaiinnnnttaaaallabee
[   79.651211] Freeing unused kernel memory: 1484K (ffffffff81f45000 - ffffffff820b8000)
[   80.441973] Write protecting the kernel read-only data: 14336k
[   81.032793] Freeing unused kernel memory: 1780K (ffff880001843000 - ffff880001a00000)
[   81.862693] Freeing unused kernel memory: 116K (ffff880001de3000 - ffff880001e00000)
Loading, please [   82.511477] random: systemd-udevd: uninitialized urandom read (16 bytes read, 15 bits of entropy available)
wait...
startin[   82.512046] random: udevadm: uninitialized urandom read (16 bytes read, 15 bits of entropy available)
g version 229
[   82.512074] random: udevadm: uninitialized urandom read (16 bytes read, 15 bits of entropy available)
[   82.512172] random: udevadm: uninitialized urandom read (16 bytes read, 15 bits of entropy available)
[   82.512205] random: udevadm: uninitialized urandom read (16 bytes read, 15 bits of entropy available)
[   82.512235] random: udevadm: uninitialized urandom read (16 bytes read, 15 bits of entropy available)
[   82.512265] random: udevadm: uninitialized urandom read (16 bytes read, 15 bits of entropy available)
[   82.512295] random: udevadm: uninitialized urandom read (16 bytes read, 15 bits of entropy available)
[   82.512323] random: udevadm: uninitialized urandom read (16 bytes read, 15 bits of entropy available)
[   82.512350] random: udevadm: uninitialized urandom read (16 bytes read, 15 bits of entropy available)
[   91.802177] e1000: Intel(R) PRO/1000 Network Driver - version 7.3.21-k8-NAPI
[   91.947841] e1000: Copyright (c) 1999-2006 Intel Corporation.
[   92.079713] Fusion MPT base driver 3.04.20
[   92.501572] Copyright (c) 1999-2008 LSI Corporation
[   92.721207] input: ImExPS/2 Generic Explorer Mouse as /devices/platform/i8042/serio1/input/input4
[   93.500657] Fusion MPT SPI Host driver 3.04.20
[   93.613938] AVX version of gcm_enc/dec engaged.
[   93.757902] AES CTR mode by8 optimization enabled
[   93.782648] e1000 0000:00:03.0 eth0: (PCI:33MHz:32-bit) 02:03:81:8c:20:c6
[   93.782651] e1000 0000:00:03.0 eth0: Intel(R) PRO/1000 Network Connection
[   94.112003] e1000 0000:00:08.0 eth1: (PCI:33MHz:32-bit) 08:00:27:d6:82:5c
[   94.112005] e1000 0000:00:08.0 eth1: Intel(R) PRO/1000 Network Connection
[   94.485258] e1000 0000:00:08.0 enp0s8: renamed from eth1
[   94.485301] mptbase: ioc0: Initiating bringup
[   94.562084] ioc0: LSI53C1030 A0: Capabilities={Initiator}
[   94.762541] scsi host2: ioc0: LSI53C1030 A0, FwRev=00000000h, Ports=1, MaxQ=256, IRQ=20
[   94.901796] scsi 2:0:0:0: Direct-Access     VBOX     HARDDISK         1.0  PQ: 0 ANSI: 5
[   94.901799] scsi target2:0:0: Beginning Domain Validation
[   94.902214] scsi target2:0:0: Domain Validation skipping write tests
[   94.902214] scsi target2:0:0: Ending Domain Validation
[   94.902235] scsi target2:0:0: asynchronous
[   94.902376] scsi 2:0:1:0: Direct-Access     VBOX     HARDDISK         1.0  PQ: 0 ANSI: 5
[   94.902378] scsi target2:0:1: Beginning Domain Validation
[   94.902751] scsi target2:0:1: Domain Validation skipping write tests
[   94.902752] scsi target2:0:1: Ending Domain Validation
[   94.902772] scsi target2:0:1: asynchronous
[   95.792066] floppy0: no floppy controllers found
[   95.792094] work still pending
[  104.427438] sd 2:0:0:0: Attached scsi generic sg0 type 0
[  104.427884] e1000 0000:00:03.0 enp0s3: renamed from eth0
[  104.428100] sd 2:0:0:0: [sda] 20971520 512-byte logical blocks: (10.7 GB/10.0 GiB)
[  104.428173] sd 2:0:0:0: [sda] Write Protect is off
[  104.428214] sd 2:0:0:0: [sda] Incomplete mode parameter data
[  104.428215] sd 2:0:0:0: [sda] Assuming drive cache: write through
[  105.236592]  sda: sda1
[  105.236918] sd 2:0:0:0: [sda] Attached SCSI disk
[  108.092661] sd 2:0:1:0: [sdb] 20480 512-byte logical blocks: (10.5 MB/10.0 MiB)
[  108.302749] sd 2:0:1:0: Attached scsi generic sg1 type 0
[  108.463040] sd 2:0:1:0: [sdb] Write Protect is off
[  108.606493] sd 2:0:1:0: [sdb] Incomplete mode parameter data
[  109.097953] sd 2:0:1:0: [sdb] Assuming drive cache: write through
[  109.659524] sd 2:0:1:0: [sdb] Attached SCSI disk
Begin: Loading e[  111.030849] md: linear personality registered for level -1
ssential drivers[  111.584320] md: multipath personality registered for level -4
 ... [  111.727071] md: raid0 personality registered for level 0
[  112.284379] md: raid1 personality registered for level 1
[  112.511490] raid6: sse2x1   gen()  9305 MB/s
[  112.691486] raid6: sse2x1   xor()  7102 MB/s
[  112.883478] raid6: sse2x2   gen() 13887 MB/s
[  113.075487] raid6: sse2x2   xor()  9176 MB/s
[  113.247477] raid6: sse2x4   gen() 14688 MB/s
[  113.439503] raid6: sse2x4   xor() 10949 MB/s
[  113.559195] raid6: using algorithm sse2x4 gen() 14688 MB/s
[  113.723752] raid6: .... xor() 10949 MB/s, rmw enabled
[  113.876462] raid6: using ssse3x2 recovery algorithm
[  114.005083] xor: automatically using best checksumming function:
[  114.341919]    avx       : 59807.000 MB/sec
[  114.663079] async_tx: api initialized (async)
[  115.056635] md: raid6 personality registered for level 6
[  115.542245] md: raid5 personality registered for level 5
[  116.051373] md: raid4 personality registered for level 4
[  116.609673] md: raid10 personality registered for level 10
done.
Begin: Running[  117.151101] Btrfs loaded
 /scripts/init-premount ... done.
Begin: Mounti[  117.473517] EXT4-fs (sda1): mounted filesystem with ordered data mode. Opts: (null)
ng root file system ... Begin: Running /scripts/local-top ... done.
Begin: Running /scripts/local-premount ... Scanning for Btrfs filesystems
done.
Warning: fsck not present, so skipping root file system
done.
Begin: Running /scripts/local-bottom ... done.
Begin: Running /scripts/init-bottom ... done.
[  118.528178] random: nonblocking pool is initialized
[  119.22222]] ssseedd11::sssstedd2299rrnniing i  yyttmmmmdde.((PPMM++AUDI  +SLLNNXX +MMA +APPRROO  +SMAKK +YYVVNNTT++TTMP++IICCYYTTSETUP +GCRYPT +GNUTLS +ACL +XZ -LZ4 +SECCMM  BBKKDD++LLFUTILS++KMOD -DDN)

[  1110022669] ssseedd11::DDttecte  iittaaiiaaiinnooralle.

[  111.542248] systemd[1]: Detccee  architectueexx66-64.


Welcome to [1mUbuntu 16.04.2 LTS[0m!

[  122.14855]]sssseedd11:: Stthhssnnmm  oo <bbnnuuxxnnaal>
[ 1133.058550] systedd11::LListeniggoo  Jorraa  uuii  Sokktt
[[0;32m  OK  [0m] Listening on Journal Audit Socket.
[  123.64433]]ssystedd11::LLssteniggoo  ddvvCCnnrrll Soceet.
[[0;32m  OK  [0m] Listening on udev Control Socket.
[  124227788]]sssseemd11::LLsseeiingoo  oorraa  Sokket (ddvvllgg..
[[0;32m  OK  [0m] Listening on Journal Socket (/dev/log).
[  124.95522]]sssseedd11]: Raachedttaree  wwpp.
[[0;32m  OK  [0m] Reached target Swap.
[  155441122]]ssyseedd11::LLsseeiingoo  oorraa  Sokktt.
[[0;32m  OK  [0m] Listening on Journal Socket.
[  126.01174]]sssseedd[1]: Lssteiigg o  eeiieemmapee  evnn  dammnnFFFFss
[[0;32m  OK  [0m] Listening on Device-mapper event daemon FIFOs.
[  126.79911]]sssseemd11::LLsseeiingoo  ddvvKKrrnel ookket
[[0;32m  OK  [0m] Listening on udev Kernel Socket.
[  127.32255]]sssseemd[1]: Created slice User and Session Slic..

[[0;32m  OK  [0m] Created slice User and Session Slice.
[  127.71177]]sssseemd11::LLsseeiingoo  yyllgg Scceet.
[[0;32m  OK  [0m] Listening on Syslog Socket.
[ 1128.36699]]sssstedd11]:RRaachddttrree  ssrraaddGGoopp Nmm  ookkpp..

[[0;32m  OK  [0m] Reached target User and Group Name Lookups.
[  129.01155]]sssseedd11::CCreated slice Systmm Sliee.
[[0;32m  OK  [0m] Created slice System Slice.
[  129.59111]]sssstedd11::SSaattin  aaeeeevver information manager...
         Starting Nameserver information manager...
[  130.12700]]sssseedd11]:SSaarting Set conoole kyymap...
         Starting Set console keymap...
[  130.67766]]sssseedd[1::SSaattnn  Unooppiiaaee  iireaall..
         Starting Uncomplicated firewall...
[  131.231870] systemd[1]: Starting Load Kernel Modules...
[  131.443976] Loading iSCSI transport class v2.0-870.
         Startin[  131.595515] iscsi: registered transport (tcp)
g Load Kernel Modules...
[  131.785356] iscsi: registered transport (iser)
[  131.787528] systemd[1]: Mounting Debug File System...
         Mounting Debug File System...
[  1321123656]sssseedd11::SStattnn  rraaeellsst ofrrequieed sttticddvvice oodes oor th  uurrnn  eernll...
         Starting Create list of required st... nodes for the current kernel...
[  1331139660]sssseedd[1]: StartiggRRemuutt Roo  and Kernel FieeSSsseess...
[  133114578]] ETT--ss((sda1): r--mounte..OOtt::((uull
         Starting Remount Root and Kernel File Systems...
[  134.267848] ssseedd[1:: Saattnn  oorraa  eevvic....
         Starting Journal Service...
[  134773366]]sssstedd11::RRaahhedttrree  nnrrypted ooluee..

[[0;32m  OK  [0m] Reached target Encrypted Volumes.
[  135334776]]sssseedd[1::LLsseeiing o  LVM2ppll  aammonssccke..

[[0;32m  OK  [0m] Listening on LVM2 poll daemon socket.
[  135.97799]]sssseemd11:: Reahhedttrree  llcces
[[0;32m  OK  [0m] Reached target Slices.
[  166443344]]ssyseedd11::SSet up attmmuuttAArbitrary Executabl  FileFFrraass Fil  yyttmmAAttmmouttPPiitt
[[0;32m  OK  [0m] Set up automount Arbitrary Executab...ats File System Automount Point.
[  177440033]]ssystemd[1]: Started Forward Password Rqquetts toWWal  iieettor  aacc..

[[0;32m  OK  [0m] Started Forward Password Requests to Wall Directory Watch.
[  138.28822]]sssseedd11::CCeetted siieesssstem-eeiill\x2dgett..llcc..
[[0;32m  OK  [0m] Created slice system-serial\x2dgetty.slice.
[  138.993987] systemd[1]: Listening on LVM2 metadata daemon socket.
[[0;32m  OK  [0m] Listening on LVM2 metadata daemon socket.
[  139.343780] systemd[1]: Starting Monitoring of LVM2 mirrors, snapshots etc. using dmeventd or progress polling...
         Starting Monitoring of LVM2 mirrors... dmeventd or progress polling...
[  139.782079] systemd[1]: Listening on /dev/initctl CompatiiiiiyyNNmmdd Ppp..

[[0;32m  OK  [0m] Listening on /dev/initctl Compatibility Named Pipe.
[  140.41588]]sssseedd11:: Muuttnn  uueePPagssFFll  yyttmm...
         Mounting Huge Pages File System...
[  141.05544]]sssseedd11::MMuuttnn  POSIX Message Queu  iieeSSssee....
         Mounting POSIX Message Queue File System...
[  141.74444]]sssseedd[1::MMuuttdd Dbbgg Fil  Systmm.
[[0;32m  OK  [0m] Mounted Debug File System.
[  142333388]]sssseedd[1]: Mounted Huge Pages File System.
[[0;32m  OK  [0m] Mounted Huge Pages File System.
[  142.73399]]sssseemd11::MMuuttddPPOSXXMMesaaeeQQeeue Fil  Systmm.
[[0;32m  OK  [0m] Mounted POSIX Message Queue File System.
[  143.39977]]sssseedd11::SSaatted Journal Service.
[[0;32m  OK  [0m] Started Journal Service.
[[0;32m  OK  [0m] Started Set console keymap.
[[0;32m  OK  [0m] Started Uncomplicated firewall.
[[0;32m  OK  [0m] Started Load Kernel Modules.
[[0;32m  OK  [0m] Started Create list of required sta...ce nodes for the current kernel.
[[0;32m  OK  [0m] Started Remount Root and Kernel File Systems.
[[0;32m  OK  [0m] Started Nameserver information manager.
[[0;32m  OK  [0m] Started LVM2 metadata daemon.
         Starting udev Coldplug all Devices...
         Starting Initial cloud-init job (pre-networking)...
         Starting Load/Save Random Seed...
         Starting Create Static Device Nodes in /dev...
         Starting Apply Kernel Variables...
         Mounting FUSE Control File System...
         Starting Flush Journal to Persistent Storage...
[[0;32m  OK  [0m] Mounted FUSE Control File System.
[[0;32m  OK  [0m] Started Monitoring of LVM2 mirrors,...ng dmeventd or progress polling.
[[0;32m  OK  [0m] Started Load/Save Random Seed.
[[0;32m  OK  [0m] Started Create Static Device Nodes in /dev.
[[0;32m  OK  [0m] Started Apply Kernel Variables.
[[0;32m  OK  [0m] Started udev Coldplug all Devices.
         Starting udev Kernel Device Manager...
[[0;32m  OK  [0m] Started Flush Journal to Persistent Storage.
[[0;32m  OK  [0m] Started udev Kernel Device Manager.
[[0;32m  OK  [0m] Reached target Local File Systems (Pre).
[[0;32m  OK  [0m] Reached target Local File Systems.
         Starting LSB: AppArmor initialization...
         Starting Set console font and keymap...
         Starting Create Volatile Files and Directories...
         Starting Tell Plymouth To Write Out Runtime Data...
[[0;32m  OK  [0m] Started Dispatch Password Requests to Console Directory Watch.
[[0;32m  OK  [0m] Started Tell Plymouth To Write Out Runtime Data.
[[0;32m  OK  [0m] Started Create Volatile Files and Directories.
[[0;32m  OK  [0m] Found device /dev/ttyS0.
[[0;32m  OK  [0m] Started LSB: AppArmor initialization.
[[0;32m  OK  [0m] Listening on Load/Save RF Kill Switch Status /dev/rfkill Watch.
[  104.539410] cloud-init[451]: Cloud-init v. 0.7.9 running 'init-local' at Sun, 07 May 2017 10:24:20 +0000. Up 104.26 seconds.
         Starting Update UTMP about System Boot/Shutdown...
[[0;32m  OK  [0m] Reached target System Time Synchronized.
[[0;32m  OK  [0m] Started Set console font and keymap.
[[0;32m  OK  [0m] Started Initial cloud-init job (pre-networking).
[[0;32m  OK  [0m] Found device 82540EM Gigabit Ethern...r (PRO/1000 MT Desktop Adapter).
[[0;32m  OK  [0m] Found device 82540EM Gigabit Ethern...r (PRO/1000 MT Desktop Adapter).
[[0;32m  OK  [0m] Started Update UTMP about System Boot/Shutdown.
[[0;32m  OK  [0m] Reached target Network (Pre).
[[0;32m  OK  [0m] Started ifup for enp0s8.
[[0;32m  OK  [0m] Started ifup for enp0s3.
         Starting Raise network interfaces...
[[0;32m  OK  [0m] Created slice system-getty.slice.
[[0;32m  OK  [0m] Started Raise network interfaces.
         Starting Initial cloud-init job (metadata service crawler)...
[[0;32m  OK  [0m] Reached target Network.
[  107.073143] cloud-init[1050]: Cloud-init v. 0.7.9 running 'init' at Sun, 07 May 2017 10:24:22 +0000. Up 106.81 seconds.
[  107.184329] cloud-init[1050]: ci-info: ++++++++++++++++++++++++++++++++++++++Net device info++++++++++++++++++++++++++++++++++++++
[  107.300245] cloud-init[1050]: ci-info: +--------+------+-----------------------------+---------------+-------+-------------------+
[  107.409345] cloud-init[1050]: ci-info: | Device |  Up  |           Address           |      Mask     | Scope |     Hw-Address    |
[[0;32m  OK  [0m] Started Initial cloud-init job (metadata service crawler).
[[  107.526690] cloud-init[1050]: ci-info: +--------+------+-----------------------------+---------------+-------+-------------------+
[  107.597304] cloud-init[1050]: ci-info: | enp0s3 | True |          10.0.2.15          | 255.255.255.0 |   .   | 02:03:81:8c:20:c6 |
[0;32m  OK  [0m] Reached target Network is Online.
[  107.597337] cloud-init[1050]: ci-info: | enp0s3 | True |  fe80::3:81ff:fe8c:20c6/64  |       .       |  link | 02:03:81:8c:20:c6 |
[  107.972827] cloud-init[1050]: ci-info: | enp0s8 | True |          10.0.0.10          | 255.255.255.0 |   .   | 08:00:27:d6:82:5c |
[  107.973170] cloud-init[1050]: ci-info: | enp0s8 | True | fe80::a00:27ff:fed6:825c/64 |       .       |  link | 08:00:27:d6:82:5c |
         Starting iSCSI initiator daemon (iscsid)...
[[  107.973293] cloud-init[1050]: ci-info: |   lo   | True |          127.0.0.1          |   255.0.0.0   |   .   |         .         |
[0;32m  OK  [0m] Reached target System Initialization.
[  108.256507] cloud-init[1050]: ci-info: |   lo   | True |           ::1/128           |       .       |  host |         .         |
[  108.560085] cloud-init[1050]: ci-info: +--------+------+-----------------------------+---------------+-------+-------------------+
[  108.560228] cloud-init[1050]: ci-info: +++++++++++++++++++++++++++Route IPv4 info++++++++++++++++++++++++++++
[[0;32m  OK  [0m] Started Trigger resolvconf update for networkd DNS.
[  108.560284] cloud-init[1050]: ci-info: +-------+-------------+----------+---------------+-----------+-------+
[  108.916230] cloud-init[1050]: ci-info: | Route | Destination | Gateway  |    Genmask    | Interface | Flags |
[  108.916451] cloud-init[1050]: ci-info: +-------+-------------+----------+---------------+-----------+-------+
[[0;32m  OK  [0m] Started Daily apt activities.
[  108.916554] cloud-init[1050]: ci-info: |   0   |   0.0.0.0   | 10.0.2.2 |    0.0.0.0    |   enp0s3  |   UG  |
[  109.252244] cloud-init[1050]: ci-info: |   1   |   10.0.0.0  | 0.0.0.0  | 255.255.255.0 |   enp0s8  |   U   |
[  109.252393] cloud-init[1050]: ci-info: |   2   |   10.0.2.0  | 0.0.0.0  | 255.255.255.0 |   enp0s3  |   U   |
         Starting LXD - unix socket.
[  109.252462] cloud-init[1050]: ci-info: +-------+-------------+----------+---------------+-----------+-------+
[[0;32m  OK  [0m] Started ACPI Events Check.
[[0;32m  OK  [0m] Reached target Paths.
         Starting Socket activation for snappy daemon.
[[0;32m  OK  [0m] Listening on ACPID Listen Socket.
[[0;32m  OK  [0m] Listening on D-Bus System Message Bus Socket.
[[0;32m  OK  [0m] Started Timer to automatically refresh installed snaps.
[[0;32m  OK  [0m] Started Daily Cleanup of Temporary Directories.
[[0;32m  OK  [0m] Reached target Timers.
[[0;32m  OK  [0m] Listening on UUID daemon activation socket.
[[0;32m  OK  [0m] Reached target Cloud-config availability.
[[0;32m  OK  [0m] Listening on LXD - unix socket.
[[0;32m  OK  [0m] Listening on Socket activation for snappy daemon.
[[0;32m  OK  [0m] Started iSCSI initiator daemon (iscsid).
         Starting Login to default iSCSI targets...
[[0;32m  OK  [0m] Reached target Sockets.
[[0;32m  OK  [0m] Reached target Basic System.
         Starting Accounts Service...
         Starting Daily apt activities...
[[0;32m  OK  [0m] Started Kibana.
         Starting /etc/rc.local Compatibility...
         Starting Login Service...
         Starting LSB: Record successful boot for GRUB...
         Starting System Logging Service...
         Starting OpenBSD Secure Shell server...
[[0;32m  OK  [0m] Started Regular background program processing daemon.
[[0;32m  OK  [0m] Started FUSE filesystem for LXC.
         Starting Apply the settings specified in cloud-config...
[[0;32m  OK  [0m] Started Snappy daemon.
         Starting Auto import assertions from block devices...
         Starting LSB: MD monitoring daemon...
[[0;32m  OK  [0m] Started ACPI event daemon.
[[0;32m  OK  [0m] Started Deferred execution scheduler.
         Starting Elasticsearch...
[[0;32m  OK  [0m] Started D-Bus System Message Bus.
[  111.786588] cloud-init[1156]: Cloud-init v. 0.7.9 running 'modules:config' at Sun, 07 May 2017 10:24:27 +0000. Up 111.33 seconds.
         Starting LXD - container startup/shutdown...
[[0;32m  OK  [0m] Started System Logging Service.
[[0;32m  OK  [0m] Started OpenBSD Secure Shell server.
[[0;32m  OK  [0m] Started /etc/rc.local Compatibility.
[[0;32m  OK  [0m] Started Apply the settings specified in cloud-config.
[[0;32m  OK  [0m] Started Auto import assertions from block devices.
[[0;32m  OK  [0m] Started Elasticsearch.
[[0;32m  OK  [0m] Started Login Service.
         Starting Authenticate and Authorize Users to Run Privileged Tasks...
[[0;32m  OK  [0m] Started LSB: Record successful boot for GRUB.
[[0;32m  OK  [0m] Started LSB: MD monitoring daemon.
[[0;32m  OK  [0m] Started Login to default iSCSI targets.
[[0;32m  OK  [0m] Reached target Remote File Systems (Pre).
[[0;32m  OK  [0m] Reached target Remote File Systems.
         Starting LSB: Set the CPU Frequency Scaling governor to "ondemand"...
         Starting Permit User Sessions...
         Starting LSB: VirtualBox Linux Additions...
         Starting LSB: automatic crash report generation...
         Starting LSB: daemon to balance interrupts for SMP systems...
[[0;32m  OK  [0m] Started Permit User Sessions.
[[0;32m  OK  [0m] Started LXD - container startup/shutdown.
[[0;32m  OK  [0m] Started Authenticate and Authorize Users to Run Privileged Tasks.
[[0;32m  OK  [0m] Started Accounts Service.
[[0;32m  OK  [0m] Created slice User Slice of ubuntu.
         Starting User Manager for UID 1000...
         Starting Hold until boot process finishes up...
         Starting Terminate Plymouth Boot Screen...
[[0;32m  OK  [0m] Started User Manager for UID 1000.
[[0;32m  OK  [0m] Started LSB: Set the CPU Frequency Scaling governor to "ondemand".
[[0;32m  OK  [0m] Started LSB: VirtualBox Linux Additions.
[[0;32m  OK  [0m] Started LSB: automatic crash report generation.
[[0;32m  OK  [0m] Started LSB: daemon to balance interrupts for SMP systems.
[[0;32m  OK  [0m] Started Hold until boot process finishes up.
[[0;32m  OK  [0m] Started Terminate Plymouth Boot Screen.
[[0;32m  OK  [0m] Started Session 1 of user ubuntu.
[[0;32m  OK  [0m] Started Serial Getty on ttyS0.
[[0;32m  OK  [0m] Started Getty on tty1.
[[0;32m  OK  [0m] Reached target Login Prompts.
         Starting Set console scheme...
[[0;32m  OK  [0m] Reached target Multi-User System.
         Starting Execute cloud user/final scripts...
[[0;32m  OK  [0m] Reached target Graphical Interface.
         Starting Update UTMP about System Runlevel Changes...
[[0;32m  OK  [0m] Started Set console scheme.
[[0;32m  OK  [0m] Started Update UTMP about System Runlevel Changes.
[  115.729858] cloud-init[1680]: Cloud-init v. 0.7.9 running 'modules:final' at Sun, 07 May 2017 10:24:31 +0000. Up 115.45 seconds.
[  115.912372] cloud-init[1680]: Cloud-init v. 0.7.9 finished at Sun, 07 May 2017 10:24:31 +0000. Datasource DataSourceNoCloud [seed=/dev/sdb][dsmode=net].  Up 115.72 seconds
[[0;32m  OK  [0m] Started Execute cloud user/final scripts.
[[0;32m  OK  [0m] Reached target Cloud-init target.

Ubuntu 16.04.2 LTS ubuntu-xenial ttyS0

ubuntu-xenial login: 